
> react-kavia@0.1.0 start
> cross-env EDIT_MODE=true webpack serve --config .ve/webpack.config.js --mode development

<i> [webpack-dev-server] Project is running at:
<i> [webpack-dev-server] Loopback: http://localhost:3000/, http://[::1]:3000/
<i> [webpack-dev-server] On Your Network (IPv4): http://172.17.0.2:3000/
<i> [webpack-dev-server] Content not from webpack is served from './public' directory
Injecting EditorRootWrapper import: ../.ve/EditorRootWrapper
asset bundle.js 1.46 MiB [emitted] (name: main)
asset index.html 1.98 KiB [emitted]
runtime modules 27.5 KiB 14 modules
modules by path ./node_modules/ 1.24 MiB 31 modules
modules by path ./src/ 68.1 KiB
  modules by path ./src/*.css 10.6 KiB 4 modules
  modules by path ./src/components/*.js 33.9 KiB 4 modules
  modules by path ./src/*.js 23.5 KiB
    ./src/index.js 530 bytes [built] [code generated]
    + 2 modules
modules by path ./.ve/ 15.1 KiB
  modules by path ./.ve/*.js 10.6 KiB 2 modules
  modules by path ./.ve/*.css 2.93 KiB
    ./.ve/EditorOverlay.css 2.25 KiB [built] [code generated]
    ./node_modules/css-loader/dist/cjs.js!./.ve/EditorOverlay.css 697 bytes [built] [code generated]
  ./.ve/EditorOverlay.jsx 1.58 KiB [built] [code generated]
webpack 5.99.9 compiled successfully in 1505 ms
assets by status 1.98 KiB [cached] 1 asset
assets by path *.js 1.5 MiB
  asset bundle.js 1.47 MiB [emitted] (name: main)
  asset main.733a5da4e0dcb2fd8057.hot-update.js 32.2 KiB [emitted] [immutable] [hmr] (name: main)
asset main.733a5da4e0dcb2fd8057.hot-update.json 28 bytes [emitted] [immutable] [hmr]
Entrypoint main 1.5 MiB = bundle.js 1.47 MiB main.733a5da4e0dcb2fd8057.hot-update.js 32.2 KiB
cached modules 1.3 MiB [cached] 46 modules
runtime modules 27.5 KiB 14 modules
javascript modules 23.3 KiB
  ./src/App.js 20.5 KiB [built] [code generated]
  ./src/components/LexiLockLogo.js 2.83 KiB [built] [code generated]
webpack 5.99.9 compiled successfully in 174 ms
assets by status 1.98 KiB [cached] 1 asset
assets by path *.js 1.5 MiB
  asset bundle.js 1.47 MiB [emitted] (name: main)
  asset main.c8cd96aa3f1283571dfb.hot-update.js 28.1 KiB [emitted] [immutable] [hmr] (name: main)
asset main.c8cd96aa3f1283571dfb.hot-update.json 28 bytes [emitted] [immutable] [hmr]
Entrypoint main 1.5 MiB = bundle.js 1.47 MiB main.c8cd96aa3f1283571dfb.hot-update.js 28.1 KiB
cached modules 1.3 MiB [cached] 47 modules
runtime modules 27.5 KiB 14 modules
./src/App.js 20.7 KiB [built] [code generated]
webpack 5.99.9 compiled successfully in 107 ms
